[2026-03-18 13:58:01] [INFO] Найдено блоков новостей: 10
[2026-03-18 13:58:01] [INFO] Сохранено 4 новостей
[2026-03-18 13:59:02] [INFO] Найдено блоков новостей: 10
[2026-03-18 13:59:02] [INFO] Сохранено 4 новостей
[2026-03-18 14:00:02] [INFO] Найдено блоков новостей: 10
[2026-03-18 14:00:02] [INFO] Сохранено 4 новостей
[2026-03-18 14:01:01] [INFO] Найдено блоков новостей: 10
[2026-03-18 14:01:01] [INFO] Сохранено 4 новостей
[2026-03-18 14:02:01] [INFO] Найдено блоков новостей: 10
[2026-03-18 14:02:01] [INFO] Сохранено 4 новостей
[2026-03-18 14:10:02] [INFO] Найдено блоков новостей: 10
[2026-03-18 14:10:02] [INFO] Сохранено 4 новостей
[2026-03-18 14:20:02] [INFO] Найдено блоков новостей: 10
[2026-03-18 14:20:02] [INFO] Сохранено 4 новостей
[2026-03-18 14:30:01] [INFO] Найдено блоков новостей: 10
[2026-03-18 14:30:01] [INFO] Сохранено 4 новостей
[2026-03-18 14:40:01] [INFO] Найдено блоков новостей: 10
[2026-03-18 14:40:01] [INFO] Сохранено 4 новостей
[2026-03-18 14:50:01] [INFO] Найдено блоков новостей: 10
[2026-03-18 14:50:01] [INFO] Сохранено 4 новостей
[2026-03-18 14:59:02] [INFO] Найдено блоков новостей: 10
[2026-03-18 14:59:02] [INFO] Сохранено 4 новостей
[2026-03-18 15:00:02] [INFO] Найдено блоков новостей: 10
[2026-03-18 15:00:02] [INFO] Сохранено 4 новостей
[2026-03-18 15:10:02] [INFO] Найдено блоков новостей: 10
[2026-03-18 15:10:02] [INFO] Сохранено 4 новостей
[2026-03-18 15:20:02] [INFO] Найдено блоков новостей: 10
[2026-03-18 15:20:02] [INFO] Сохранено 4 новостей
[2026-03-18 15:30:02] [INFO] Найдено блоков новостей: 10
[2026-03-18 15:30:02] [INFO] Сохранено 4 новостей
[2026-03-18 15:40:02] [INFO] Найдено блоков новостей: 10
[2026-03-18 15:40:02] [INFO] Сохранено 4 новостей
[2026-03-18 15:50:01] [INFO] Найдено блоков новостей: 10
[2026-03-18 15:50:01] [INFO] Сохранено 4 новостей
[2026-03-18 16:00:02] [INFO] Найдено блоков новостей: 10
[2026-03-18 16:00:02] [INFO] Сохранено 4 новостей
[2026-03-18 16:10:01] [INFO] Найдено блоков новостей: 10
[2026-03-18 16:10:01] [INFO] Сохранено 4 новостей
[2026-03-18 16:20:02] [INFO] Найдено блоков новостей: 10
[2026-03-18 16:20:02] [INFO] Сохранено 4 новостей
[2026-03-18 16:26:17] [INFO] Найдено блоков новостей: 10
[2026-03-18 16:26:17] [INFO] Сохранено 4 новостей
[2026-03-18 16:30:02] [INFO] Найдено блоков новостей: 10
[2026-03-18 16:30:02] [INFO] Сохранено 4 новостей
[2026-03-22 08:11:42] [ERROR] Ошибка загрузки: HTTP 0, cURL ошибка: Could not resolve host: xn--80acgfbsl1azdqr.xn--p1ai
[2026-03-23 15:42:25] [ERROR] Ошибка загрузки: HTTP 0, cURL ошибка: Could not resolve host: xn--80acgfbsl1azdqr.xn--p1ai
[2026-03-25 02:30:10] [ERROR] Ошибка загрузки: HTTP 0, cURL ошибка: Operation timed out after 10013 milliseconds with 0 bytes received
[2026-03-30 13:30:11] [ERROR] Ошибка загрузки: HTTP 0, cURL ошибка: Connection timed out after 10000 milliseconds
